This is pdfTeX, Version 3.141592653-2.6-1.40.25 (TeX Live 2023/Debian) (preloaded format=pdflatex 2026.3.28)  25 AUG 2026 13:04
entering extended mode
 restricted \write18 enabled.
 %&-line parsing enabled.
**latex/combined.tex
(./latex/combined.tex
LaTeX2e <2023-11-01> patch level 1
L3 programming layer <2024-01-22>
(/usr/share/texlive/texmf-dist/tex/latex/base/article.cls
Document Class: article 2023/05/17 v1.4n Standard LaTeX document class
(/usr/share/texlive/texmf-dist/tex/latex/base/size11.clo
File: size11.clo 2023/05/17 v1.4n Standard LaTeX file (size option)
)
\c@part=\count187
\c@section=\count188
\c@subsection=\count189
\c@subsubsection=\count190
\c@paragraph=\count191
\c@subparagraph=\count192
\c@figure=\count193
\c@table=\count194
\abovecaptionskip=\skip48
\belowcaptionskip=\skip49
\bibindent=\dimen140
)
(/usr/share/texlive/texmf-dist/tex/latex/preprint/fullpage.sty
Package: fullpage 1999/02/23 1.1 (PWD)
\FP@margin=\skip50
)
(/usr/share/texlive/texmf-dist/tex/latex/pdfpages/pdfpages.sty
Package: pdfpages 2024/01/21 v0.5y Insert pages of external PDF documents (AM)

(/usr/share/texlive/texmf-dist/tex/latex/base/ifthen.sty
Package: ifthen 2022/04/13 v1.1d Standard LaTeX ifthen package (DPC)
)
(/usr/share/texlive/texmf-dist/tex/latex/tools/calc.sty
Package: calc 2023/07/08 v4.3 Infix arithmetic (KKT,FJ)
\calc@Acount=\count195
\calc@Bcount=\count196
\calc@Adimen=\dimen141
\calc@Bdimen=\dimen142
\calc@Askip=\skip51
\calc@Bskip=\skip52
LaTeX Info: Redefining \setlength on input line 80.
LaTeX Info: Redefining \addtolength on input line 81.
\calc@Ccount=\count197
\calc@Cskip=\skip53
)
(/usr/share/texlive/texmf-dist/tex/latex/eso-pic/eso-pic.sty
Package: eso-pic 2023/05/03 v3.0c eso-pic (RN)
\ESO@tempdima=\dimen143
\ESO@tempdimb=\dimen144

(/usr/share/texlive/texmf-dist/tex/latex/graphics/keyval.sty
Package: keyval 2022/05/29 v1.15 key=value parser (DPC)
\KV@toks@=\toks17
)
(/usr/share/texlive/texmf-dist/tex/latex/xcolor/xcolor.sty
Package: xcolor 2023/11/15 v3.01 LaTeX color extensions (UK)

(/usr/share/texlive/texmf-dist/tex/latex/graphics-cfg/color.cfg
File: color.cfg 2016/01/02 v1.6 sample color configuration
)
Package xcolor Info: Driver file: pdftex.def on input line 274.

(/usr/share/texlive/texmf-dist/tex/latex/graphics-def/pdftex.def
File: pdftex.def 2022/09/22 v1.2b Graphics/color driver for pdftex
)
(/usr/share/texlive/texmf-dist/tex/latex/graphics/mathcolor.ltx)
Package xcolor Info: Model `cmy' substituted by `cmy0' on input line 1350.
Package xcolor Info: Model `hsb' substituted by `rgb' on input line 1354.
Package xcolor Info: Model `RGB' extended on input line 1366.
Package xcolor Info: Model `HTML' substituted by `rgb' on input line 1368.
Package xcolor Info: Model `Hsb' substituted by `hsb' on input line 1369.
Package xcolor Info: Model `tHsb' substituted by `hsb' on input line 1370.
Package xcolor Info: Model `HSB' substituted by `hsb' on input line 1371.
Package xcolor Info: Model `Gray' substituted by `gray' on input line 1372.
Package xcolor Info: Model `wave' substituted by `hsb' on input line 1373.
))
(/usr/share/texlive/texmf-dist/tex/latex/graphics/graphicx.sty
Package: graphicx 2021/09/16 v1.2d Enhanced LaTeX Graphics (DPC,SPQR)

(/usr/share/texlive/texmf-dist/tex/latex/graphics/graphics.sty
Package: graphics 2022/03/10 v1.4e Standard LaTeX Graphics (DPC,SPQR)

(/usr/share/texlive/texmf-dist/tex/latex/graphics/trig.sty
Package: trig 2021/08/11 v1.11 sin cos tan (DPC)
)
(/usr/share/texlive/texmf-dist/tex/latex/graphics-cfg/graphics.cfg
File: graphics.cfg 2016/06/04 v1.11 sample graphics configuration
)
Package graphics Info: Driver file: pdftex.def on input line 107.
)
\Gin@req@height=\dimen145
\Gin@req@width=\dimen146
)
\AM@pagewidth=\dimen147
\AM@pageheight=\dimen148
\AM@fboxrule=\dimen149

(/usr/share/texlive/texmf-dist/tex/latex/pdfpages/pppdftex.def
File: pppdftex.def 2024/01/21 v0.5y Pdfpages driver for pdfTeX (AM)
)
\pdfpages@includegraphics@status=\count198
\AM@pagebox=\box51
\AM@global@opts=\toks18
\AM@pagecnt=\count199
\AM@toc@title=\toks19
\AM@lof@heading=\toks20
\c@AM@survey=\count266
\AM@templatesizebox=\box52
)
(/usr/share/texlive/texmf-dist/tex/latex/hyperref/hyperref.sty
Package: hyperref 2024-01-20 v7.01h Hypertext links for LaTeX

(/usr/share/texlive/texmf-dist/tex/generic/iftex/iftex.sty
Package: iftex 2022/02/03 v1.0f TeX engine tests
)
(/usr/share/texlive/texmf-dist/tex/latex/kvsetkeys/kvsetkeys.sty
Package: kvsetkeys 2022-10-05 v1.19 Key value parser (HO)
)
(/usr/share/texlive/texmf-dist/tex/generic/kvdefinekeys/kvdefinekeys.sty
Package: kvdefinekeys 2019-12-19 v1.6 Define keys (HO)
)
(/usr/share/texlive/texmf-dist/tex/generic/pdfescape/pdfescape.sty
Package: pdfescape 2019/12/09 v1.15 Implements pdfTeX's escape features (HO)

(/usr/share/texlive/texmf-dist/tex/generic/ltxcmds/ltxcmds.sty
Package: ltxcmds 2023-12-04 v1.26 LaTeX kernel commands for general use (HO)
)
(/usr/share/texlive/texmf-dist/tex/generic/pdftexcmds/pdftexcmds.sty
Package: pdftexcmds 2020-06-27 v0.33 Utility functions of pdfTeX for LuaTeX (HO
)

(/usr/share/texlive/texmf-dist/tex/generic/infwarerr/infwarerr.sty
Package: infwarerr 2019/12/03 v1.5 Providing info/warning/error messages (HO)
)
Package pdftexcmds Info: \pdf@primitive is available.
Package pdftexcmds Info: \pdf@ifprimitive is available.
Package pdftexcmds Info: \pdfdraftmode found.
))
(/usr/share/texlive/texmf-dist/tex/latex/hycolor/hycolor.sty
Package: hycolor 2020-01-27 v1.10 Color options for hyperref/bookmark (HO)
)
(/usr/share/texlive/texmf-dist/tex/latex/auxhook/auxhook.sty
Package: auxhook 2019-12-17 v1.6 Hooks for auxiliary files (HO)
)
(/usr/share/texlive/texmf-dist/tex/latex/hyperref/nameref.sty
Package: nameref 2023-11-26 v2.56 Cross-referencing by name of section

(/usr/share/texlive/texmf-dist/tex/latex/refcount/refcount.sty
Package: refcount 2019/12/15 v3.6 Data extraction from label references (HO)
)
(/usr/share/texlive/texmf-dist/tex/generic/gettitlestring/gettitlestring.sty
Package: gettitlestring 2019/12/15 v1.6 Cleanup title references (HO)

(/usr/share/texlive/texmf-dist/tex/latex/kvoptions/kvoptions.sty
Package: kvoptions 2022-06-15 v3.15 Key value format for package options (HO)
))
\c@section@level=\count267
)
(/usr/share/texlive/texmf-dist/tex/latex/etoolbox/etoolbox.sty
Package: etoolbox 2020/10/05 v2.5k e-TeX tools for LaTeX (JAW)
\etb@tempcnta=\count268
)
\@linkdim=\dimen150
\Hy@linkcounter=\count269
\Hy@pagecounter=\count270

(/usr/share/texlive/texmf-dist/tex/latex/hyperref/pd1enc.def
File: pd1enc.def 2024-01-20 v7.01h Hyperref: PDFDocEncoding definition (HO)
Now handling font encoding PD1 ...
... no UTF-8 mapping file for font encoding PD1
)
(/usr/share/texlive/texmf-dist/tex/generic/intcalc/intcalc.sty
Package: intcalc 2019/12/15 v1.3 Expandable calculations with integers (HO)
)
\Hy@SavedSpaceFactor=\count271

(/usr/share/texlive/texmf-dist/tex/latex/hyperref/puenc.def
File: puenc.def 2024-01-20 v7.01h Hyperref: PDF Unicode definition (HO)
Now handling font encoding PU ...
... no UTF-8 mapping file for font encoding PU
)
Package hyperref Info: Hyper figures OFF on input line 4179.
Package hyperref Info: Link nesting OFF on input line 4184.
Package hyperref Info: Hyper index ON on input line 4187.
Package hyperref Info: Plain pages OFF on input line 4194.
Package hyperref Info: Backreferencing OFF on input line 4199.
Package hyperref Info: Implicit mode ON; LaTeX internals redefined.
Package hyperref Info: Bookmarks ON on input line 4446.
\c@Hy@tempcnt=\count272

(/usr/share/texlive/texmf-dist/tex/latex/url/url.sty
\Urlmuskip=\muskip16
Package: url 2013/09/16  ver 3.4  Verb mode for urls, etc.
)
LaTeX Info: Redefining \url on input line 4784.
\XeTeXLinkMargin=\dimen151

(/usr/share/texlive/texmf-dist/tex/generic/bitset/bitset.sty
Package: bitset 2019/12/09 v1.3 Handle bit-vector datatype (HO)

(/usr/share/texlive/texmf-dist/tex/generic/bigintcalc/bigintcalc.sty
Package: bigintcalc 2019/12/15 v1.5 Expandable calculations on big integers (HO
)
))
\Fld@menulength=\count273
\Field@Width=\dimen152
\Fld@charsize=\dimen153
Package hyperref Info: Hyper figures OFF on input line 6063.
Package hyperref Info: Link nesting OFF on input line 6068.
Package hyperref Info: Hyper index ON on input line 6071.
Package hyperref Info: backreferencing OFF on input line 6078.
Package hyperref Info: Link coloring OFF on input line 6083.
Package hyperref Info: Link coloring with OCG OFF on input line 6088.
Package hyperref Info: PDF/A mode OFF on input line 6093.

(/usr/share/texlive/texmf-dist/tex/latex/base/atbegshi-ltx.sty
Package: atbegshi-ltx 2021/01/10 v1.0c Emulation of the original atbegshi
package with kernel methods
)
\Hy@abspage=\count274
\c@Item=\count275
\c@Hfootnote=\count276
)
Package hyperref Info: Driver (autodetected): hpdftex.

(/usr/share/texlive/texmf-dist/tex/latex/hyperref/hpdftex.def
File: hpdftex.def 2024-01-20 v7.01h Hyperref driver for pdfTeX

(/usr/share/texlive/texmf-dist/tex/latex/base/atveryend-ltx.sty
Package: atveryend-ltx 2020/08/19 v1.0a Emulation of the original atveryend pac
kage
with kernel methods
)
\Fld@listcount=\count277
\c@bookmark@seq@number=\count278

(/usr/share/texlive/texmf-dist/tex/latex/rerunfilecheck/rerunfilecheck.sty
Package: rerunfilecheck 2022-07-10 v1.10 Rerun checks for auxiliary files (HO)

(/usr/share/texlive/texmf-dist/tex/generic/uniquecounter/uniquecounter.sty
Package: uniquecounter 2019/12/15 v1.4 Provide unlimited unique counter (HO)
)
Package uniquecounter Info: New unique counter `rerunfilecheck' on input line 2
85.
)
\Hy@SectionHShift=\skip54
)
(/usr/share/texlive/texmf-dist/tex/latex/base/fontenc.sty
Package: fontenc 2021/04/29 v2.0v Standard LaTeX package
)
(/usr/share/texlive/texmf-dist/tex/latex/sourcesanspro/sourcesanspro.sty
Package: sourcesanspro 2018/05/19 v2.7 Adobe's Source Sans Pro typeface

(/usr/share/texlive/texmf-dist/tex/generic/iftex/ifxetex.sty
Package: ifxetex 2019/10/25 v0.7 ifxetex legacy package. Use iftex instead.
)
(/usr/share/texlive/texmf-dist/tex/generic/iftex/ifluatex.sty
Package: ifluatex 2019/10/25 v1.5 ifluatex legacy package. Use iftex instead.
)
(/usr/share/texlive/texmf-dist/tex/latex/xkeyval/xkeyval.sty
Package: xkeyval 2022/06/16 v2.9 package option processing (HA)

(/usr/share/texlive/texmf-dist/tex/generic/xkeyval/xkeyval.tex
(/usr/share/texlive/texmf-dist/tex/generic/xkeyval/xkvutils.tex
\XKV@toks=\toks21
\XKV@tempa@toks=\toks22
)
\XKV@depth=\count279
File: xkeyval.tex 2014/12/03 v2.7a key=value parser (HA)
))
(/usr/share/texlive/texmf-dist/tex/latex/base/fontenc.sty
Package: fontenc 2021/04/29 v2.0v Standard LaTeX package

(/usr/share/texlive/texmf-dist/tex/latex/ly1/ly1enc.def
File: ly1enc.def 2022/06/11 v0.8 TeX 'n ANSI encoding (DPC/KB)
Now handling font encoding LY1 ...
... processing UTF-8 mapping file for font encoding LY1

(/usr/share/texlive/texmf-dist/tex/latex/base/ly1enc.dfu
File: ly1enc.dfu 2022/06/07 v1.3c UTF-8 support
   defining Unicode char U+00A0 (decimal 160)
   defining Unicode char U+00A1 (decimal 161)
   defining Unicode char U+00A2 (decimal 162)
   defining Unicode char U+00A3 (decimal 163)
   defining Unicode char U+00A4 (decimal 164)
   defining Unicode char U+00A5 (decimal 165)
   defining Unicode char U+00A6 (decimal 166)
   defining Unicode char U+00A7 (decimal 167)
   defining Unicode char U+00AA (decimal 170)
   defining Unicode char U+00AB (decimal 171)
   defining Unicode char U+00AD (decimal 173)
   defining Unicode char U+00AE (decimal 174)
   defining Unicode char U+00B0 (decimal 176)
   defining Unicode char U+00B5 (decimal 181)
   defining Unicode char U+00B6 (decimal 182)
   defining Unicode char U+00B7 (decimal 183)
   defining Unicode char U+00BA (decimal 186)
   defining Unicode char U+00BB (decimal 187)
   defining Unicode char U+00BC (decimal 188)
   defining Unicode char U+00BD (decimal 189)
   defining Unicode char U+00BE (decimal 190)
   defining Unicode char U+00BF (decimal 191)
   defining Unicode char U+00C0 (decimal 192)
   defining Unicode char U+00C1 (decimal 193)
   defining Unicode char U+00C2 (decimal 194)
   defining Unicode char U+00C3 (decimal 195)
   defining Unicode char U+00C4 (decimal 196)
   defining Unicode char U+00C5 (decimal 197)
   defining Unicode char U+00C6 (decimal 198)
   defining Unicode char U+00C7 (decimal 199)
   defining Unicode char U+00C8 (decimal 200)
   defining Unicode char U+00C9 (decimal 201)
   defining Unicode char U+00CA (decimal 202)
   defining Unicode char U+00CB (decimal 203)
   defining Unicode char U+00CC (decimal 204)
   defining Unicode char U+00CD (decimal 205)
   defining Unicode char U+00CE (decimal 206)
   defining Unicode char U+00CF (decimal 207)
   defining Unicode char U+00D0 (decimal 208)
   defining Unicode char U+00D1 (decimal 209)
   defining Unicode char U+00D2 (decimal 210)
   defining Unicode char U+00D3 (decimal 211)
   defining Unicode char U+00D4 (decimal 212)
   defining Unicode char U+00D5 (decimal 213)
   defining Unicode char U+00D6 (decimal 214)
   defining Unicode char U+00D8 (decimal 216)
   defining Unicode char U+00D9 (decimal 217)
   defining Unicode char U+00DA (decimal 218)
   defining Unicode char U+00DB (decimal 219)
   defining Unicode char U+00DC (decimal 220)
   defining Unicode char U+00DD (decimal 221)
   defining Unicode char U+00DE (decimal 222)
   defining Unicode char U+00DF (decimal 223)
   defining Unicode char U+00E0 (decimal 224)
   defining Unicode char U+00E1 (decimal 225)
   defining Unicode char U+00E2 (decimal 226)
   defining Unicode char U+00E3 (decimal 227)
   defining Unicode char U+00E4 (decimal 228)
   defining Unicode char U+00E5 (decimal 229)
   defining Unicode char U+00E6 (decimal 230)
   defining Unicode char U+00E7 (decimal 231)
   defining Unicode char U+00E8 (decimal 232)
   defining Unicode char U+00E9 (decimal 233)
   defining Unicode char U+00EA (decimal 234)
   defining Unicode char U+00EB (decimal 235)
   defining Unicode char U+00EC (decimal 236)
   defining Unicode char U+00ED (decimal 237)
   defining Unicode char U+00EE (decimal 238)
   defining Unicode char U+00EF (decimal 239)
   defining Unicode char U+00F0 (decimal 240)
   defining Unicode char U+00F1 (decimal 241)
   defining Unicode char U+00F2 (decimal 242)
   defining Unicode char U+00F3 (decimal 243)
   defining Unicode char U+00F4 (decimal 244)
   defining Unicode char U+00F5 (decimal 245)
   defining Unicode char U+00F6 (decimal 246)
   defining Unicode char U+00F8 (decimal 248)
   defining Unicode char U+00F9 (decimal 249)
   defining Unicode char U+00FA (decimal 250)
   defining Unicode char U+00FB (decimal 251)
   defining Unicode char U+00FC (decimal 252)
   defining Unicode char U+00FD (decimal 253)
   defining Unicode char U+00FE (decimal 254)
   defining Unicode char U+00FF (decimal 255)
   defining Unicode char U+0131 (decimal 305)
   defining Unicode char U+0141 (decimal 321)
   defining Unicode char U+0142 (decimal 322)
   defining Unicode char U+0152 (decimal 338)
   defining Unicode char U+0153 (decimal 339)
   defining Unicode char U+0160 (decimal 352)
   defining Unicode char U+0161 (decimal 353)
   defining Unicode char U+0174 (decimal 372)
   defining Unicode char U+0175 (decimal 373)
   defining Unicode char U+0176 (decimal 374)
   defining Unicode char U+0177 (decimal 375)
   defining Unicode char U+0178 (decimal 376)
   defining Unicode char U+017D (decimal 381)
   defining Unicode char U+017E (decimal 382)
   defining Unicode char U+0192 (decimal 402)
   defining Unicode char U+0218 (decimal 536)
   defining Unicode char U+0219 (decimal 537)
   defining Unicode char U+021A (decimal 538)
   defining Unicode char U+021B (decimal 539)
   defining Unicode char U+0237 (decimal 567)
   defining Unicode char U+02C6 (decimal 710)
   defining Unicode char U+02DC (decimal 732)
   defining Unicode char U+2013 (decimal 8211)
   defining Unicode char U+2014 (decimal 8212)
   defining Unicode char U+201C (decimal 8220)
   defining Unicode char U+201D (decimal 8221)
   defining Unicode char U+2020 (decimal 8224)
   defining Unicode char U+2021 (decimal 8225)
   defining Unicode char U+2022 (decimal 8226)
   defining Unicode char U+2026 (decimal 8230)
   defining Unicode char U+2030 (decimal 8240)
   defining Unicode char U+2039 (decimal 8249)
   defining Unicode char U+203A (decimal 8250)
   defining Unicode char U+2122 (decimal 8482)
   defining Unicode char U+FB00 (decimal 64256)
   defining Unicode char U+FB01 (decimal 64257)
   defining Unicode char U+FB02 (decimal 64258)
   defining Unicode char U+FB03 (decimal 64259)
   defining Unicode char U+FB04 (decimal 64260)
   defining Unicode char U+FB05 (decimal 64261)
   defining Unicode char U+FB06 (decimal 64262)
))))
LaTeX Font Info:    Trying to load font information for T1+SourceSansPro-TLF on
 input line 16.

(/usr/share/texlive/texmf-dist/tex/latex/sourcesanspro/T1SourceSansPro-TLF.fd
File: T1SourceSansPro-TLF.fd 2020/01/19 (autoinst) Font definitions for T1/Sour
ceSansPro-TLF.
)
LaTeX Font Info:    Font shape `T1/SourceSansPro-TLF/m/n' aliased to
(Font)              `T1/SourceSansPro-TLF/regular/n' on input line 16.
LaTeX Font Info:    Font shape `T1/SourceSansPro-TLF/regular/n' will be
(Font)              scaled to size 10.95pt on input line 16.

(/usr/share/texlive/texmf-dist/tex/latex/l3backend/l3backend-pdftex.def
File: l3backend-pdftex.def 2024-01-04 L3 backend support: PDF output (pdfTeX)
\l__color_backend_stack_int=\count280
\l__pdf_internal_box=\box53
)
(pdf/combined.aux)
\openout1 = `combined.aux'.

LaTeX Font Info:    Checking defaults for OML/cmm/m/it on input line 16.
LaTeX Font Info:    ... okay on input line 16.
LaTeX Font Info:    Checking defaults for OMS/cmsy/m/n on input line 16.
LaTeX Font Info:    ... okay on input line 16.
LaTeX Font Info:    Checking defaults for OT1/cmr/m/n on input line 16.
LaTeX Font Info:    ... okay on input line 16.
LaTeX Font Info:    Checking defaults for T1/cmr/m/n on input line 16.
LaTeX Font Info:    ... okay on input line 16.
LaTeX Font Info:    Checking defaults for TS1/cmr/m/n on input line 16.
LaTeX Font Info:    ... okay on input line 16.
LaTeX Font Info:    Checking defaults for OMX/cmex/m/n on input line 16.
LaTeX Font Info:    ... okay on input line 16.
LaTeX Font Info:    Checking defaults for U/cmr/m/n on input line 16.
LaTeX Font Info:    ... okay on input line 16.
LaTeX Font Info:    Checking defaults for PD1/pdf/m/n on input line 16.
LaTeX Font Info:    ... okay on input line 16.
LaTeX Font Info:    Checking defaults for PU/pdf/m/n on input line 16.
LaTeX Font Info:    ... okay on input line 16.
LaTeX Font Info:    Checking defaults for LY1/ptm/m/n on input line 16.
LaTeX Font Info:    Trying to load font information for LY1+ptm on input line 1
6.
 (/usr/share/texlive/texmf-dist/tex/latex/ly1/ly1ptm.fd
File: ly1ptm.fd 2001/02/01 font definitions for LY1/ptm using Berry names.
)
LaTeX Font Info:    ... okay on input line 16.

(/usr/share/texlive/texmf-dist/tex/context/base/mkii/supp-pdf.mkii
[Loading MPS to PDF converter (version 2006.09.02).]
\scratchcounter=\count281
\scratchdimen=\dimen154
\scratchbox=\box54
\nofMPsegments=\count282
\nofMParguments=\count283
\everyMPshowfont=\toks23
\MPscratchCnt=\count284
\MPscratchDim=\dimen155
\MPnumerator=\count285
\makeMPintoPDFobject=\count286
\everyMPtoPDFconversion=\toks24
) (/usr/share/texlive/texmf-dist/tex/latex/epstopdf-pkg/epstopdf-base.sty
Package: epstopdf-base 2020-01-24 v2.11 Base part for package epstopdf

(/usr/share/texlive/texmf-dist/tex/latex/grfext/grfext.sty
Package: grfext 2019/12/03 v1.3 Manage graphics extensions (HO)
)
Package epstopdf-base Info: Redefining graphics rule for `.eps' on input line 4
85.
Package grfext Info: Graphics extension search list:
(grfext)             [.pdf,.png,.jpg,.mps,.jpeg,.jbig2,.jb2,.PDF,.PNG,.JPG,.JPE
G,.JBIG2,.JB2,.eps]
(grfext)             \AppendGraphicsExtensions on input line 504.

(/usr/share/texlive/texmf-dist/tex/latex/latexconfig/epstopdf-sys.cfg
File: epstopdf-sys.cfg 2010/07/13 v1.3 Configuration of (r)epstopdf for TeX Liv
e
))
(/usr/share/texlive/texmf-dist/tex/latex/pdflscape/pdflscape.sty
Package: pdflscape 2022-10-27 v0.13 Display of landscape pages in PDF

(/usr/share/texlive/texmf-dist/tex/latex/pdflscape/pdflscape-nometadata.sty
Package: pdflscape-nometadata 2022-10-28 v0.13 Display of landscape pages in PD
F (HO)

(/usr/share/texlive/texmf-dist/tex/latex/graphics/lscape.sty
Package: lscape 2020/05/28 v3.02 Landscape Pages (DPC)
)
Package pdflscape Info: Auto-detected driver: pdftex on input line 81.
))
Package hyperref Info: Link coloring OFF on input line 16.

(pdf/combined.out) (pdf/combined.out)
\@outlinefile=\write3
\openout3 = `combined.out'.

<pdf/nazib_abrar_mte_ruet_resume.pdf, id=4, 614.295pt x 794.97pt>
File: pdf/nazib_abrar_mte_ruet_resume.pdf Graphic file (type pdf)
<use pdf/nazib_abrar_mte_ruet_resume.pdf>
Package pdftex.def Info: pdf/nazib_abrar_mte_ruet_resume.pdf  used on input lin
e 19.
(pdftex.def)             Requested size: 614.29349pt x 794.96806pt.
File: pdf/nazib_abrar_mte_ruet_resume.pdf Graphic file (type pdf)
<use pdf/nazib_abrar_mte_ruet_resume.pdf>
Package pdftex.def Info: pdf/nazib_abrar_mte_ruet_resume.pdf  used on input lin
e 19.
(pdftex.def)             Requested size: 614.29349pt x 794.96806pt.
<pdf/nazib_abrar_mte_ruet_resume.pdf, id=7, page=1, 614.295pt x 794.97pt>
File: pdf/nazib_abrar_mte_ruet_resume.pdf Graphic file (type pdf)
<use pdf/nazib_abrar_mte_ruet_resume.pdf, page 1>
Package pdftex.def Info: pdf/nazib_abrar_mte_ruet_resume.pdf , page1 used on in
put line 19.
(pdftex.def)             Requested size: 614.29349pt x 794.96806pt.
File: pdf/nazib_abrar_mte_ruet_resume.pdf Graphic file (type pdf)
<use pdf/nazib_abrar_mte_ruet_resume.pdf, page 1>
Package pdftex.def Info: pdf/nazib_abrar_mte_ruet_resume.pdf , page1 used on in
put line 19.
(pdftex.def)             Requested size: 614.58406pt x 795.3441pt.
File: pdf/nazib_abrar_mte_ruet_resume.pdf Graphic file (type pdf)
<use pdf/nazib_abrar_mte_ruet_resume.pdf, page 1>
Package pdftex.def Info: pdf/nazib_abrar_mte_ruet_resume.pdf , page1 used on in
put line 19.
(pdftex.def)             Requested size: 614.58406pt x 795.3441pt.
File: pdf/nazib_abrar_mte_ruet_resume.pdf Graphic file (type pdf)
<use pdf/nazib_abrar_mte_ruet_resume.pdf, page 1>
Package pdftex.def Info: pdf/nazib_abrar_mte_ruet_resume.pdf , page1 used on in
put line 19.
(pdftex.def)             Requested size: 614.58406pt x 795.3441pt.
File: pdf/nazib_abrar_mte_ruet_resume.pdf Graphic file (type pdf)
<use pdf/nazib_abrar_mte_ruet_resume.pdf, page 1>
Package pdftex.def Info: pdf/nazib_abrar_mte_ruet_resume.pdf , page1 used on in
put line 19.
(pdftex.def)             Requested size: 614.58406pt x 795.3441pt.
 [1


 <./pdf/nazib_abrar_mte_ruet_resume.pdf{/var/lib/texmf/fonts/map/pdftex/updmap/
pdftex.map}>]
<pdf/nazib_abrar_mte_ruet_resume.pdf, id=56, page=2, 614.295pt x 794.97pt>
File: pdf/nazib_abrar_mte_ruet_resume.pdf Graphic file (type pdf)
<use pdf/nazib_abrar_mte_ruet_resume.pdf, page 2>
Package pdftex.def Info: pdf/nazib_abrar_mte_ruet_resume.pdf , page2 used on in
put line 19.
(pdftex.def)             Requested size: 614.58406pt x 795.3441pt.
File: pdf/nazib_abrar_mte_ruet_resume.pdf Graphic file (type pdf)
<use pdf/nazib_abrar_mte_ruet_resume.pdf, page 2>
Package pdftex.def Info: pdf/nazib_abrar_mte_ruet_resume.pdf , page2 used on in
put line 19.
(pdftex.def)             Requested size: 614.58406pt x 795.3441pt.
File: pdf/nazib_abrar_mte_ruet_resume.pdf Graphic file (type pdf)
<use pdf/nazib_abrar_mte_ruet_resume.pdf, page 2>
Package pdftex.def Info: pdf/nazib_abrar_mte_ruet_resume.pdf , page2 used on in
put line 19.
(pdftex.def)             Requested size: 614.58406pt x 795.3441pt.
 [2

 <./pdf/nazib_abrar_mte_ruet_resume.pdf>]
LaTeX Font Info:    Font shape `T1/SourceSansPro-TLF/m/n' aliased to
(Font)              `T1/SourceSansPro-TLF/regular/n' on input line 26.
LaTeX Font Info:    Font shape `T1/SourceSansPro-TLF/regular/n' will be
(Font)              scaled to size 24.88pt on input line 26.
LaTeX Font Info:    Font shape `T1/SourceSansPro-TLF/m/sc' aliased to
(Font)              `T1/SourceSansPro-TLF/regular/sc' on input line 26.
LaTeX Font Info:    Font shape `T1/SourceSansPro-TLF/regular/sc' will be
(Font)              scaled to size 24.88pt on input line 26.
LaTeX Font Info:    Font shape `T1/SourceSansPro-TLF/m/n' aliased to
(Font)              `T1/SourceSansPro-TLF/regular/n' on input line 32.
LaTeX Font Info:    Font shape `T1/SourceSansPro-TLF/regular/n' will be
(Font)              scaled to size 14.4pt on input line 32.
LaTeX Font Info:    Font shape `T1/SourceSansPro-TLF/m/n' aliased to
(Font)              `T1/SourceSansPro-TLF/regular/n' on input line 37.
LaTeX Font Info:    Font shape `T1/SourceSansPro-TLF/regular/n' will be
(Font)              scaled to size 12.0pt on input line 37.
LaTeX Font Info:    External font `cmex10' loaded for size
(Font)              <10.95> on input line 42.
LaTeX Font Info:    External font `cmex10' loaded for size
(Font)              <8> on input line 42.
LaTeX Font Info:    External font `cmex10' loaded for size
(Font)              <6> on input line 42.
<pdf/nazib_abrar_technical_supplement.pdf, id=61, 614.295pt x 794.97pt>
File: pdf/nazib_abrar_technical_supplement.pdf Graphic file (type pdf)
<use pdf/nazib_abrar_technical_supplement.pdf>
Package pdftex.def Info: pdf/nazib_abrar_technical_supplement.pdf  used on inpu
t line 50.
(pdftex.def)             Requested size: 614.29349pt x 794.96806pt.
File: pdf/nazib_abrar_technical_supplement.pdf Graphic file (type pdf)
<use pdf/nazib_abrar_technical_supplement.pdf>
Package pdftex.def Info: pdf/nazib_abrar_technical_supplement.pdf  used on inpu
t line 50.
(pdftex.def)             Requested size: 614.29349pt x 794.96806pt.
<pdf/nazib_abrar_technical_supplement.pdf, id=64, page=1, 614.295pt x 794.97pt>

File: pdf/nazib_abrar_technical_supplement.pdf Graphic file (type pdf)
<use pdf/nazib_abrar_technical_supplement.pdf, page 1>
Package pdftex.def Info: pdf/nazib_abrar_technical_supplement.pdf , page1 used 
on input line 50.
(pdftex.def)             Requested size: 614.29349pt x 794.96806pt.
File: pdf/nazib_abrar_technical_supplement.pdf Graphic file (type pdf)
<use pdf/nazib_abrar_technical_supplement.pdf, page 1>
Package pdftex.def Info: pdf/nazib_abrar_technical_supplement.pdf , page1 used 
on input line 50.
(pdftex.def)             Requested size: 614.58406pt x 795.3441pt.
 [3{/usr/share/texlive/texmf-dist/fonts/enc/dvips/sourcesanspro/a_4jropk.enc}{/
usr/share/texlive/texmf-dist/fonts/enc/dvips/sourcesanspro/a_emkxm5.enc}]
File: pdf/nazib_abrar_technical_supplement.pdf Graphic file (type pdf)
<use pdf/nazib_abrar_technical_supplement.pdf, page 1>
Package pdftex.def Info: pdf/nazib_abrar_technical_supplement.pdf , page1 used 
on input line 50.
(pdftex.def)             Requested size: 614.58406pt x 795.3441pt.
File: pdf/nazib_abrar_technical_supplement.pdf Graphic file (type pdf)
<use pdf/nazib_abrar_technical_supplement.pdf, page 1>
Package pdftex.def Info: pdf/nazib_abrar_technical_supplement.pdf , page1 used 
on input line 50.
(pdftex.def)             Requested size: 614.58406pt x 795.3441pt.
File: pdf/nazib_abrar_technical_supplement.pdf Graphic file (type pdf)
<use pdf/nazib_abrar_technical_supplement.pdf, page 1>
Package pdftex.def Info: pdf/nazib_abrar_technical_supplement.pdf , page1 used 
on input line 50.
(pdftex.def)             Requested size: 614.58406pt x 795.3441pt.
 [4

 <./pdf/nazib_abrar_technical_supplement.pdf>]
<pdf/nazib_abrar_technical_supplement.pdf, id=105, page=2, 614.295pt x 794.97pt
>
File: pdf/nazib_abrar_technical_supplement.pdf Graphic file (type pdf)
<use pdf/nazib_abrar_technical_supplement.pdf, page 2>
Package pdftex.def Info: pdf/nazib_abrar_technical_supplement.pdf , page2 used 
on input line 50.
(pdftex.def)             Requested size: 614.58406pt x 795.3441pt.
File: pdf/nazib_abrar_technical_supplement.pdf Graphic file (type pdf)
<use pdf/nazib_abrar_technical_supplement.pdf, page 2>
Package pdftex.def Info: pdf/nazib_abrar_technical_supplement.pdf , page2 used 
on input line 50.
(pdftex.def)             Requested size: 614.58406pt x 795.3441pt.
File: pdf/nazib_abrar_technical_supplement.pdf Graphic file (type pdf)
<use pdf/nazib_abrar_technical_supplement.pdf, page 2>
Package pdftex.def Info: pdf/nazib_abrar_technical_supplement.pdf , page2 used 
on input line 50.
(pdftex.def)             Requested size: 614.58406pt x 795.3441pt.
 [5

 <./pdf/nazib_abrar_technical_supplement.pdf>]
<pdf/nazib_abrar_technical_supplement.pdf, id=111, page=3, 614.295pt x 794.97pt
>
File: pdf/nazib_abrar_technical_supplement.pdf Graphic file (type pdf)
<use pdf/nazib_abrar_technical_supplement.pdf, page 3>
Package pdftex.def Info: pdf/nazib_abrar_technical_supplement.pdf , page3 used 
on input line 50.
(pdftex.def)             Requested size: 614.58406pt x 795.3441pt.
File: pdf/nazib_abrar_technical_supplement.pdf Graphic file (type pdf)
<use pdf/nazib_abrar_technical_supplement.pdf, page 3>
Package pdftex.def Info: pdf/nazib_abrar_technical_supplement.pdf , page3 used 
on input line 50.
(pdftex.def)             Requested size: 614.58406pt x 795.3441pt.
File: pdf/nazib_abrar_technical_supplement.pdf Graphic file (type pdf)
<use pdf/nazib_abrar_technical_supplement.pdf, page 3>
Package pdftex.def Info: pdf/nazib_abrar_technical_supplement.pdf , page3 used 
on input line 50.
(pdftex.def)             Requested size: 614.58406pt x 795.3441pt.
 [6

 <./pdf/nazib_abrar_technical_supplement.pdf>]
<pdf/nazib_abrar_technical_supplement.pdf, id=121, page=4, 614.295pt x 794.97pt
>
File: pdf/nazib_abrar_technical_supplement.pdf Graphic file (type pdf)
<use pdf/nazib_abrar_technical_supplement.pdf, page 4>
Package pdftex.def Info: pdf/nazib_abrar_technical_supplement.pdf , page4 used 
on input line 50.
(pdftex.def)             Requested size: 614.58406pt x 795.3441pt.
File: pdf/nazib_abrar_technical_supplement.pdf Graphic file (type pdf)
<use pdf/nazib_abrar_technical_supplement.pdf, page 4>
Package pdftex.def Info: pdf/nazib_abrar_technical_supplement.pdf , page4 used 
on input line 50.
(pdftex.def)             Requested size: 614.58406pt x 795.3441pt.
File: pdf/nazib_abrar_technical_supplement.pdf Graphic file (type pdf)
<use pdf/nazib_abrar_technical_supplement.pdf, page 4>
Package pdftex.def Info: pdf/nazib_abrar_technical_supplement.pdf , page4 used 
on input line 50.
(pdftex.def)             Requested size: 614.58406pt x 795.3441pt.
 [7

 <./pdf/nazib_abrar_technical_supplement.pdf>] (pdf/combined.aux)
 ***********
LaTeX2e <2023-11-01> patch level 1
L3 programming layer <2024-01-22>
 ***********
Package rerunfilecheck Info: File `combined.out' has not changed.
(rerunfilecheck)             Checksum: D41D8CD98F00B204E9800998ECF8427E;0.
 ) 
Here is how much of TeX's memory you used:
 10636 strings out of 474222
 169731 string characters out of 5748733
 1925975 words of memory out of 5000000
 32730 multiletter control sequences out of 15000+600000
 609859 words of font info for 54 fonts, out of 8000000 for 9000
 1141 hyphenation exceptions out of 8191
 75i,17n,79p,264b,612s stack positions out of 10000i,1000n,20000p,200000b,200000s
</usr/share/texlive/texmf-dist/fonts/type1/public/fontawesome5/FontAwesome5Br
ands-Regular.pfb></usr/share/texlive/texmf-dist/fonts/type1/public/fontawesome5
/FontAwesome5Free-Solid.pfb></usr/share/texlive/texmf-dist/fonts/type1/adobe/so
urcesanspro/SourceSansPro-Bold.pfb></usr/share/texlive/texmf-dist/fonts/type1/a
dobe/sourcesanspro/SourceSansPro-It.pfb></usr/share/texlive/texmf-dist/fonts/ty
pe1/adobe/sourcesanspro/SourceSansPro-Regular.pfb></usr/share/texlive/texmf-dis
t/fonts/type1/public/amsfonts/cm/cmsy10.pfb></usr/share/texmf/fonts/type1/publi
c/cm-super/sftt1000.pfb>
Output written on pdf/combined.pdf (7 pages, 1670554 bytes).
PDF statistics:
 182 PDF objects out of 1000 (max. 8388607)
 113 compressed objects within 2 object streams
 8 named destinations out of 1000 (max. 500000)
 61 words of extra memory for PDF output out of 10000 (max. 10000000)

